<html>
<body>
<pre>
<h1>µVision Build Log</h1>
<h2>Tool Versions:</h2>
IDE-Version: µVision V5.31.0.0
Copyright (C) 2020 ARM Ltd and ARM Germany GmbH. All rights reserved.
License Information: Phuc Admin, BachKhoa, LIC=585FJ-UQSIZ-8T23P-M9GS2-VRY7M-1RX9M
 
Tool Versions:
Toolchain:       MDK-ARM Plus  Version: 5.31.0.0
Toolchain Path:  C:\Keil_v5\ARM\ARMCC\Bin
C Compiler:      Armcc.exe V5.06 update 6 (build 750)
Assembler:       Armasm.exe V5.06 update 6 (build 750)
Linker/Locator:  ArmLink.exe V5.06 update 6 (build 750)
Library Manager: ArmAr.exe V5.06 update 6 (build 750)
Hex Converter:   FromElf.exe V5.06 update 6 (build 750)
CPU DLL:         SARMCM3.DLL V5.31.0.0
Dialog DLL:      DCM.DLL V1.17.3.0
Target DLL:      Segger\JL2CM3.dll V2.99.38.0
Dialog DLL:      TCM.DLL V1.46.0.0
 
<h2>Project:</h2>
C:\laptrinhstm32\ENCODER\MDK-ARM\ENCODER.uvprojx
Project File Date:  05/02/2023

<h2>Output:</h2>
*** Using Compiler 'V5.06 update 6 (build 750)', folder: 'C:\Keil_v5\ARM\ARMCC\Bin'
Build target 'ENCODER'
compiling main.c...
../Core/Src/main.c(229): warning:  #188-D: enumerated type mixed with another type
  					HAL_GPIO_WritePin(GPIOD, GPIO_PIN_12, 0);
../Core/Src/main.c(234): warning:  #188-D: enumerated type mixed with another type
  					HAL_GPIO_WritePin(GPIOD, GPIO_PIN_12, 1);
../Core/Src/main.c(242): warning:  #188-D: enumerated type mixed with another type
  					HAL_GPIO_WritePin(GPIOD, GPIO_PIN_13, 0);
../Core/Src/main.c(247): warning:  #188-D: enumerated type mixed with another type
  					HAL_GPIO_WritePin(GPIOD, GPIO_PIN_13, 1);
../Core/Src/main.c(255): warning:  #188-D: enumerated type mixed with another type
  					HAL_GPIO_WritePin(GPIOD, GPIO_PIN_14, 0);
../Core/Src/main.c(260): warning:  #188-D: enumerated type mixed with another type
  					HAL_GPIO_WritePin(GPIOD, GPIO_PIN_14, 1);
../Core/Src/main.c(268): warning:  #188-D: enumerated type mixed with another type
  					HAL_GPIO_WritePin(GPIOD, GPIO_PIN_15, 0);
../Core/Src/main.c(273): warning:  #188-D: enumerated type mixed with another type
  					HAL_GPIO_WritePin(GPIOD, GPIO_PIN_15, 1);
../Core/Src/main.c: 8 warnings, 0 errors
linking...
Program Size: Code=20556 RO-data=920 RW-data=100 ZI-data=2068  
FromELF: creating hex file...
"ENCODER\ENCODER.axf" - 0 Error(s), 8 Warning(s).

<h2>Software Packages used:</h2>

Package Vendor: ARM
                http://www.keil.com/pack/ARM.CMSIS.5.7.0.pack
                ARM.CMSIS.5.7.0
                CMSIS (Cortex Microcontroller Software Interface Standard)
   * Component: CORE Version: 5.4.0

Package Vendor: Keil
                http://www.keil.com/pack/Keil.STM32F4xx_DFP.2.16.0.pack
                Keil.STM32F4xx_DFP.2.16.0
                STMicroelectronics STM32F4 Series Device Support, Drivers and Examples

<h2>Collection of Component include folders:</h2>
  .\RTE\_ENCODER
  C:\Users\Admin\AppData\Local\Arm\Packs\ARM\CMSIS\5.7.0\CMSIS\Core\Include
  C:\Users\Admin\AppData\Local\Arm\Packs\Keil\STM32F4xx_DFP\2.16.0\Drivers\CMSIS\Device\ST\STM32F4xx\Include

<h2>Collection of Component Files used:</h2>

   * Component: ARM::CMSIS:CORE:5.4.0
      Include file:  CMSIS\Core\Include\tz_context.h
Build Time Elapsed:  00:00:02
</pre>
</body>
</html>
